// Jest Snapshot v1, https://goo.gl/fbAQLP

exports[`Component: DeveloperMessage should render the DeveloperMessage component 1`] = `
.emotion-0 {
  width: 100%;
  display: -webkit-box;
  display: -webkit-flex;
  display: -ms-flexbox;
  display: flex;
  -webkit-align-items: center;
  -webkit-box-align: center;
  -ms-flex-align: center;
  align-items: center;
  position: relative;
  overflow: hidden;
  margin-bottom: 3px;
}

.emotion-1 {
  display: inherit;
}

.emotion-2 {
  display: inline-block;
  line-height: 1em;
  -webkit-flex-shrink: 0;
  -ms-flex-negative: 0;
  flex-shrink: 0;
  color: currentColor;
  vertical-align: middle;
  height: 100%;
  width: 100%;
}

.emotion-4 {
  display: inline;
}

.emotion-6 {
  width: 1em;
  height: 1em;
  display: inline-block;
  line-height: 1em;
  -webkit-flex-shrink: 0;
  -ms-flex-negative: 0;
  flex-shrink: 0;
  color: currentColor;
  vertical-align: middle;
  -webkit-margin-start: 2px;
  margin-inline-start: 2px;
  -webkit-margin-end: 2px;
  margin-inline-end: 2px;
}

<div
  class="chakra-alert emotion-0"
  role="alert"
>
  <span
    class="chakra-alert__icon emotion-1"
  >
    <svg
      class="chakra-icon emotion-2"
      focusable="false"
      viewBox="0 0 24 24"
    >
      <path
        d="M11.983,0a12.206,12.206,0,0,0-8.51,3.653A11.8,11.8,0,0,0,0,12.207,11.779,11.779,0,0,0,11.8,24h.214A12.111,12.111,0,0,0,24,11.791h0A11.766,11.766,0,0,0,11.983,0ZM10.5,16.542a1.476,1.476,0,0,1,1.449-1.53h.027a1.527,1.527,0,0,1,1.523,1.47,1.475,1.475,0,0,1-1.449,1.53h-.027A1.529,1.529,0,0,1,10.5,16.542ZM11,12.5v-6a1,1,0,0,1,2,0v6a1,1,0,1,1-2,0Z"
        fill="currentColor"
      />
    </svg>
  </span>
  <div
    class="chakra-alert__title emotion-3"
  >
    Missing Config
  </div>
  <div
    class="chakra-alert__desc emotion-4"
  >
    See how to set your app title and icon
     
    <a
      class="chakra-link emotion-3"
      href="https://github.com/onflow/fcl-discovery/blob/master/README.md#configuration"
      rel="noopener"
      target="_blank"
    >
      here 
      <svg
        class="chakra-icon emotion-6"
        focusable="false"
        viewBox="0 0 24 24"
      >
        <g
          fill="none"
          stroke="currentColor"
          stroke-linecap="round"
          stroke-width="2"
        >
          <path
            d="M18 13v6a2 2 0 0 1-2 2H5a2 2 0 0 1-2-2V8a2 2 0 0 1 2-2h6"
          />
          <path
            d="M15 3h6v6"
          />
          <path
            d="M10 14L21 3"
          />
        </g>
      </svg>
    </a>
    .
  </div>
</div>
`;
