// Jest Snapshot v1, https://goo.gl/fbAQLP

exports[`Component: FlowHeader should render the FlowHeader component 1`] = `
<div
  class="css-gmuwbf"
>
  <div
    class="css-1j99xrl"
  >
    <img
      alt="Logo"
      class="chakra-image css-kl8a02"
      src="/logo.svg"
    />
    <p
      class="chakra-text css-mwent8"
    >
      Choose a Provider
    </p>
  </div>
</div>
`;
